[36mvite v7.3.1 [32mbuilding client environment for production...[36m[39m
transforming...
node.exe : [33m[vite:css][postcss] 
@import must precede all other 
statements (besides @charset or empty 
@layer)
At C:\Program Files\nodejs\npx.ps1:29 
char:3
+   & $NODE_EXE $NPX_CLI_JS $args
+   ~~~~~~~~~~~~~~~~~~~~~~~~~~~~~
    + CategoryInfo          : NotSpeci 
   fied: ([33m[vite:css]...r empty @  
  layer):String) [], RemoteException
    + FullyQualifiedErrorId : NativeCo 
   mmandError
 
3  |  @tailwind utilities;
4  |  
5  |  @import url('https://fonts.google
apis.com/css2?family=Inter:wght@300;400
;500;600;700;800&display=swap');
   |  ^^^^^^^^^^^^^^^^^^^^^^^^^^^^^^^^^
^^^^^^^^^^^^^^^^^^^^^^^^^^^^^^^^^^^^^^^
^^^^^^^^^^^^^^^^^^^^^^^^^^^^^^^^
6  |  
7  |  @layer base {[39m
[32mΓ£ô[39m 991 modules transformed.
[31mΓ£ù[39m Build failed in 3.85s
[31merror during build:
[31m[vite-plugin-pwa:build] [plugin 
vite-plugin-pwa:build] There was an 
error during the build:
  [vite]: Rollup failed to resolve 
import "react-is" from "C:/Users/Hype/D
ocuments/coding-project/Locattend/node_
modules/recharts/es6/util/ReactUtils.js
".
This is most likely unintended because 
it can break your application at 
runtime.
If you do want to externalize this 
module explicitly add it to
`build.rollupOptions.external`
Additionally, handling the error in 
the 'buildEnd' hook caused the 
following error:
  [vite]: Rollup failed to resolve 
import "react-is" from "C:/Users/Hype/D
ocuments/coding-project/Locattend/node_
modules/recharts/es6/util/ReactUtils.js
".
This is most likely unintended because 
it can break your application at 
runtime.
If you do want to externalize this 
module explicitly add it to
`build.rollupOptions.external`[31m
    at getRollupError (file:///C:/Users
/Hype/Documents/coding-project/Locatten
d/node_modules/rollup/dist/es/shared/pa
rseAst.js:406:41)
    at file:///C:/Users/Hype/Documents/
coding-project/Locattend/node_modules/r
ollup/dist/es/shared/node-entry.js:2386
3:39
    at async 
catchUnfinishedHookActions (file:///C:/
Users/Hype/Documents/coding-project/Loc
attend/node_modules/rollup/dist/es/shar
ed/node-entry.js:23321:16)
    at async rollupInternal (file:///C:
/Users/Hype/Documents/coding-project/Lo
cattend/node_modules/rollup/dist/es/sha
red/node-entry.js:23846:5)
    at async buildEnvironment (file:///
C:/Users/Hype/Documents/coding-project/
Locattend/node_modules/vite/dist/node/c
hunks/config.js:33541:12)
    at async Object.build (file:///C:/U
sers/Hype/Documents/coding-project/Loca
ttend/node_modules/vite/dist/node/chunk
s/config.js:33900:19)
    at async Object.buildApp (file:///C
:/Users/Hype/Documents/coding-project/L
ocattend/node_modules/vite/dist/node/ch
unks/config.js:33897:153)
    at async CAC.<anonymous> (file:///C
:/Users/Hype/Documents/coding-project/L
ocattend/node_modules/vite/dist/node/cl
i.js:629:3)[39m
